04:05:57 **** Clean-only build of configuration Debug for project 10_adc_continuous_conversion2 ****
make -j16 clean 
rm -rf ./Startup/startup_stm32f446retx.d ./Startup/startup_stm32f446retx.o
rm -rf ./Src/adc.cyclo ./Src/adc.d ./Src/adc.o ./Src/adc.su ./Src/main.cyclo ./Src/main.d ./Src/main.o ./Src/main.su ./Src/syscalls.cyclo ./Src/syscalls.d ./Src/syscalls.o ./Src/syscalls.su ./Src/sysmem.cyclo ./Src/sysmem.d ./Src/sysmem.o ./Src/sysmem.su ./Src/uart.cyclo ./Src/uart.d ./Src/uart.o ./Src/uart.su
rm -rf 9_adc.elf 9_adc.list 9_adc.map default.size.stdout
 
04:05:58 **** Build of configuration Debug for project 10_adc_continuous_conversion2 ****
make -j16 all 
arm-none-eabi-gcc -mcpu=cortex-m4 -g3 -DDEBUG -c -x assembler-with-cpp -MMD -MP -MF"Startup/startup_stm32f446retx.d" -MT"Startup/startup_stm32f446retx.o" --specs=nano.specs -mfpu=fpv4-sp-d16 -mfloat-abi=hard -mthumb -o "Startup/startup_stm32f446retx.o" "../Startup/startup_stm32f446retx.s"
arm-none-eabi-gcc "../Src/adc.c" -mcpu=cortex-m4 -std=gnu11 -g3 -DDEBUG -DSTM32 -DSTM32F4 -DSTM32F446RETx -DSTM32F446xx -c -I../Inc -I"C:/Users/Xx-M4/OneDrive/Documents/Programming Projects/STM32/STM32F466/STM32F4-BareMetal_Workspace/chip_headers/CMSIS/Device/ST/STM32F4xx/Include" -I"C:/Users/Xx-M4/OneDrive/Documents/Programming Projects/STM32/STM32F466/STM32F4-BareMetal_Workspace/chip_headers/CMSIS/Include" -O0 -ffunction-sections -fdata-sections -Wall -fstack-usage -fcyclomatic-complexity -MMD -MP -MF"Src/adc.d" -MT"Src/adc.o" --specs=nano.specs -mfpu=fpv4-sp-d16 -mfloat-abi=hard -mthumb -o "Src/adc.o"
arm-none-eabi-gcc "../Src/main.c" -mcpu=cortex-m4 -std=gnu11 -g3 -DDEBUG -DSTM32 -DSTM32F4 -DSTM32F446RETx -DSTM32F446xx -c -I../Inc -I"C:/Users/Xx-M4/OneDrive/Documents/Programming Projects/STM32/STM32F466/STM32F4-BareMetal_Workspace/chip_headers/CMSIS/Device/ST/STM32F4xx/Include" -I"C:/Users/Xx-M4/OneDrive/Documents/Programming Projects/STM32/STM32F466/STM32F4-BareMetal_Workspace/chip_headers/CMSIS/Include" -O0 -ffunction-sections -fdata-sections -Wall -fstack-usage -fcyclomatic-complexity -MMD -MP -MF"Src/main.d" -MT"Src/main.o" --specs=nano.specs -mfpu=fpv4-sp-d16 -mfloat-abi=hard -mthumb -o "Src/main.o"
arm-none-eabi-gcc "../Src/syscalls.c" -mcpu=cortex-m4 -std=gnu11 -g3 -DDEBUG -DSTM32 -DSTM32F4 -DSTM32F446RETx -DSTM32F446xx -c -I../Inc -I"C:/Users/Xx-M4/OneDrive/Documents/Programming Projects/STM32/STM32F466/STM32F4-BareMetal_Workspace/chip_headers/CMSIS/Device/ST/STM32F4xx/Include" -I"C:/Users/Xx-M4/OneDrive/Documents/Programming Projects/STM32/STM32F466/STM32F4-BareMetal_Workspace/chip_headers/CMSIS/Include" -O0 -ffunction-sections -fdata-sections -Wall -fstack-usage -fcyclomatic-complexity -MMD -MP -MF"Src/syscalls.d" -MT"Src/syscalls.o" --specs=nano.specs -mfpu=fpv4-sp-d16 -mfloat-abi=hard -mthumb -o "Src/syscalls.o"
arm-none-eabi-gcc "../Src/sysmem.c" -mcpu=cortex-m4 -std=gnu11 -g3 -DDEBUG -DSTM32 -DSTM32F4 -DSTM32F446RETx -DSTM32F446xx -c -I../Inc -I"C:/Users/Xx-M4/OneDrive/Documents/Programming Projects/STM32/STM32F466/STM32F4-BareMetal_Workspace/chip_headers/CMSIS/Device/ST/STM32F4xx/Include" -I"C:/Users/Xx-M4/OneDrive/Documents/Programming Projects/STM32/STM32F466/STM32F4-BareMetal_Workspace/chip_headers/CMSIS/Include" -O0 -ffunction-sections -fdata-sections -Wall -fstack-usage -fcyclomatic-complexity -MMD -MP -MF"Src/sysmem.d" -MT"Src/sysmem.o" --specs=nano.specs -mfpu=fpv4-sp-d16 -mfloat-abi=hard -mthumb -o "Src/sysmem.o"
arm-none-eabi-gcc "../Src/uart.c" -mcpu=cortex-m4 -std=gnu11 -g3 -DDEBUG -DSTM32 -DSTM32F4 -DSTM32F446RETx -DSTM32F446xx -c -I../Inc -I"C:/Users/Xx-M4/OneDrive/Documents/Programming Projects/STM32/STM32F466/STM32F4-BareMetal_Workspace/chip_headers/CMSIS/Device/ST/STM32F4xx/Include" -I"C:/Users/Xx-M4/OneDrive/Documents/Programming Projects/STM32/STM32F466/STM32F4-BareMetal_Workspace/chip_headers/CMSIS/Include" -O0 -ffunction-sections -fdata-sections -Wall -fstack-usage -fcyclomatic-complexity -MMD -MP -MF"Src/uart.d" -MT"Src/uart.o" --specs=nano.specs -mfpu=fpv4-sp-d16 -mfloat-abi=hard -mthumb -o "Src/uart.o"
arm-none-eabi-gcc -o "10_adc_continuous_conversion2.elf" @"objects.list"   -mcpu=cortex-m4 -T"C:\Users\Xx-M4\OneDrive\Documents\Programming Projects\STM32\STM32F466\STM32F4-BareMetal_Workspace\10_adc_continuous_conversion2\STM32F446RETX_FLASH.ld" --specs=nosys.specs -Wl,-Map="10_adc_continuous_conversion2.map" -Wl,--gc-sections -static --specs=nano.specs -mfpu=fpv4-sp-d16 -mfloat-abi=hard -mthumb -Wl,--start-group -lc -lm -Wl,--end-group
Finished building target: 10_adc_continuous_conversion2.elf
 
arm-none-eabi-size  10_adc_continuous_conversion2.elf 
arm-none-eabi-objdump -h -S 10_adc_continuous_conversion2.elf  > "10_adc_continuous_conversion2.list"
   text	   data	    bss	    dec	    hex	filename
   5408	     92	   1908	   7408	   1cf0	10_adc_continuous_conversion2.elf
Finished building: default.size.stdout
 
Finished building: 10_adc_continuous_conversion2.list
 
04:06:20 **** Incremental Build of configuration Debug for project 10_adc_continuous_conversion2 ****
make -j16 all 
arm-none-eabi-size  10_adc_continuous_conversion2.elf 
   text	   data	    bss	    dec	    hex	filename
   5408	     92	   1908	   7408	   1cf0	10_adc_continuous_conversion2.elf
Finished building: default.size.stdout
 
