22:23:37 **** Incremental Build of configuration Debug for project 5_uart_tx ****
make -j16 all 
arm-none-eabi-gcc "../Src/main.c" -mcpu=cortex-m4 -std=gnu11 -g3 -DDEBUG -DSTM32 -DSTM32F4 -DSTM32F446RETx -DSTM32F446xx -c -I../Inc -I"C:/Users/Xx-M4/OneDrive/Documents/Programming Projects/STM32/STM32F466/STM32F4-BareMetal_Workspace/chip_headers/CMSIS/Device/ST/STM32F4xx/Include" -I"C:/Users/Xx-M4/OneDrive/Documents/Programming Projects/STM32/STM32F466/STM32F4-BareMetal_Workspace/chip_headers/CMSIS/Include" -O0 -ffunction-sections -fdata-sections -Wall -fstack-usage -fcyclomatic-complexity -MMD -MP -MF"Src/main.d" -MT"Src/main.o" --specs=nano.specs -mfpu=fpv4-sp-d16 -mfloat-abi=hard -mthumb -o "Src/main.o"
arm-none-eabi-gcc -o "5_uart_tx.elf" @"objects.list"   -mcpu=cortex-m4 -T"C:\Users\Xx-M4\OneDrive\Documents\Programming Projects\STM32\STM32F466\STM32F4-BareMetal_Workspace\5_uart_tx\STM32F446RETX_FLASH.ld" --specs=nosys.specs -Wl,-Map="5_uart_tx.map" -Wl,--gc-sections -static --specs=nano.specs -mfpu=fpv4-sp-d16 -mfloat-abi=hard -mthumb -Wl,--start-group -lc -lm -Wl,--end-group
Finished building target: 5_uart_tx.elf
 
arm-none-eabi-size  5_uart_tx.elf 
arm-none-eabi-objdump -h -S 5_uart_tx.elf  > "5_uart_tx.list"
   text	   data	    bss	    dec	    hex	filename
    996	      0	   1568	   2564	    a04	5_uart_tx.elf
Finished building: default.size.stdout
 
Finished building: 5_uart_tx.list
 
22:23:41 **** Incremental Build of configuration Debug for project 5_uart_tx ****
make -j16 all 
arm-none-eabi-size  5_uart_tx.elf 
   text	   data	    bss	    dec	    hex	filename
    996	      0	   1568	   2564	    a04	5_uart_tx.elf
Finished building: default.size.stdout
 
